// Jest Snapshot v1, https://goo.gl/fbAQLP

exports[`<Number> component renders with description as dl 1`] = `
<dl
  class="css-daetez"
  data-genus="Number"
>
  <dt
    class="css-1iy4vde"
  >
    10
  </dt>
  <dd
    class="css-50zxo5"
  >
    Test
  </dd>
</dl>
`;

exports[`<Number> component renders with just value as span 1`] = `
<span
  class="css-14f8dic"
  data-genus="Number"
>
  10
</span>
`;
